// Jest Snapshot v1, https://goo.gl/fbAQLP

exports[`Chat Should match snapshot 1`] = `[Function]`;
