// Jest Snapshot v1, https://goo.gl/fbAQLP

exports[`ModalComponent Should match snapshot 1`] = `[Function]`;

exports[`ModalComponent without component 1`] = `ShallowWrapper {}`;
