// Jest Snapshot v1, https://goo.gl/fbAQLP

exports[`AddRoom Should match snapshot 1`] = `"<div class=\\"styled__StAddRoom-sc-5w938c-0 djgSFI\\">+</div>"`;
