// Jest Snapshot v1, https://goo.gl/fbAQLP

exports[`App Should match snapshot 1`] = `"<div class=\\"styled__StAppDiv-sc-181nq3d-0 knFUYF\\"><div class=\\"styled__StLoginDiv-sc-17zo54h-0 hHzyfF\\"><img src=\\"../../../public/assets/images/game-development.png\\"/><div class=\\"styled__StFormDiv-sc-p60jdb-0 kshiNm\\"><p>authorization</p><div width=\\"80%\\" height=\\"100px\\" class=\\"styled__StInputContainer-sc-e64755-3 bIHjkn\\"><label for=\\"login\\" class=\\"styled__StLabel-sc-e64755-0 kqGJQd\\">login_label</label><input type=\\"text\\" id=\\"login\\" name=\\"login\\" value=\\"\\" placeholder=\\"login_placeholder\\" class=\\"styled__StInput-sc-e64755-1 kmoiCN\\"/></div><div width=\\"80%\\" height=\\"100px\\" class=\\"styled__StInputContainer-sc-e64755-3 bIHjkn\\"><label for=\\"password\\" class=\\"styled__StLabel-sc-e64755-0 kqGJQd\\">password_label</label><input type=\\"text\\" id=\\"password\\" name=\\"password\\" value=\\"\\" placeholder=\\"password_placeholder\\" class=\\"styled__StInput-sc-e64755-1 kmoiCN\\"/></div><button id=\\"login\\" type=\\"button\\" height=\\"50px\\" class=\\"styled__StButton-sc-1y35zax-0 cHOOvi\\">login_btn</button><span>login_span_text<a href=\\"/registration\\">login_link_text</a></span></div></div><div class=\\"notification-container notification-container-empty\\"><div></div></div></div>"`;
