// Jest Snapshot v1, https://goo.gl/fbAQLP

exports[`App Should match snapshot 1`] = `"<div lang=\\"en\\" class=\\"styled__StAppDiv-sc-7r44pg-0 jraHDu\\"><div class=\\"styled__StHeader-zzrvsn-0 hDaupM\\"><div class=\\"styled__StLogo-sc-9vy3sh-0 dOfUuH\\"><img src=\\"./public/assets/images/logo.png\\"/><h1>Header&amp;Shmeader</h1></div><div class=\\"styled__StControl-sc-1i99xqk-0 joBAxQ\\"><button id=\\"theme_btn\\" type=\\"button\\" value=\\"dark\\" color=\\"white\\" font-size=\\"26px\\" height=\\"10vh\\" width=\\"60px\\" class=\\"styled__StButton-sc-1a6hck8-0 jFhuDa\\">ðŸŒ—</button><button id=\\"en\\" type=\\"button\\" value=\\"en\\" color=\\"white\\" font-size=\\"26px\\" height=\\"10vh\\" width=\\"60px\\" class=\\"styled__StButton-sc-1a6hck8-0 jFhuDa\\">EN</button><button id=\\"ru\\" type=\\"button\\" value=\\"ru\\" color=\\"white\\" font-size=\\"26px\\" height=\\"10vh\\" width=\\"60px\\" class=\\"styled__StButton-sc-1a6hck8-0 jFhuDa\\">RU</button><button id=\\"ar\\" type=\\"button\\" value=\\"ar\\" color=\\"white\\" font-size=\\"26px\\" height=\\"10vh\\" width=\\"60px\\" class=\\"styled__StButton-sc-1a6hck8-0 jFhuDa\\">AR</button></div></div><div class=\\"styled__StLoginDiv-ohf2t6-0 cCvQFI\\"><div class=\\"styled__StFormDiv-sc-1xa63f-0 hNLlQX\\"><p>Sign In</p><div width=\\"80%\\" height=\\"100px\\" class=\\"styled__StInputContainer-w3ykst-3 emTECj\\"><label for=\\"email\\" class=\\"styled__StLabel-w3ykst-0 fbdCHZ\\">Email</label><input type=\\"text\\" id=\\"email\\" name=\\"email\\" value=\\"\\" placeholder=\\"Enter your email...\\" class=\\"styled__StInput-w3ykst-1 eAZEdV\\"/></div><div width=\\"80%\\" height=\\"100px\\" class=\\"styled__StInputContainer-w3ykst-3 emTECj\\"><label for=\\"password\\" class=\\"styled__StLabel-w3ykst-0 fbdCHZ\\">Password</label><input type=\\"text\\" id=\\"password\\" name=\\"password\\" value=\\"\\" placeholder=\\"Enter your password...\\" class=\\"styled__StInput-w3ykst-1 eAZEdV\\"/></div><button id=\\"login\\" type=\\"button\\" height=\\"50px\\" class=\\"styled__StButton-sc-1a6hck8-0 euTlOK\\">Login</button><span>Need an account?<a href=\\"/registration\\">Register now</a></span></div></div><div class=\\"notification-container notification-container-empty\\"><div></div></div></div>"`;
