// Jest Snapshot v1, https://goo.gl/fbAQLP

exports[`Form Should match snapshot 1`] = `"<div class=\\"styled__StFormDiv-sc-p60jdb-0 kshiNm\\"><button id=\\"1\\" type=\\"button\\" class=\\"styled__StButton-sc-1y35zax-0 dDKzMq\\"></button></div>"`;
