// Jest Snapshot v1, https://goo.gl/fbAQLP

exports[`SearchNoRes Should match snapshot 1`] = `[Function]`;
