// Jest Snapshot v1, https://goo.gl/fbAQLP

exports[`Login Should match snapshot 1`] = `"<div class=\\"styled__StLoginDiv-sc-17zo54h-0 hHzyfF\\"><img src=\\"../../../public/assets/images/game-development.png\\"/><div class=\\"styled__StFormDiv-sc-p60jdb-0 kshiNm\\"><p>Sign In</p><div width=\\"80%\\" height=\\"100px\\" class=\\"styled__StInputContainer-sc-e64755-3 bIHjkn\\"><label for=\\"login\\" class=\\"styled__StLabel-sc-e64755-0 kqGJQd\\">Login</label><input type=\\"text\\" id=\\"login\\" name=\\"login\\" placeholder=\\"Enter your login...\\" class=\\"styled__StInput-sc-e64755-1 kmoiCN\\"/></div><div width=\\"80%\\" height=\\"100px\\" class=\\"styled__StInputContainer-sc-e64755-3 bIHjkn\\"><label for=\\"password\\" class=\\"styled__StLabel-sc-e64755-0 kqGJQd\\">Password</label><input type=\\"text\\" id=\\"password\\" name=\\"password\\" value=\\"\\" placeholder=\\"Enter your password...\\" class=\\"styled__StInput-sc-e64755-1 kmoiCN\\"/></div><button id=\\"login\\" type=\\"button\\" height=\\"50px\\" class=\\"styled__StButton-sc-1y35zax-0 fDvBel\\">Login</button><span>Need an account?<a href=\\"/registration\\">Register now</a></span></div></div>"`;
