// Jest Snapshot v1, https://goo.gl/fbAQLP

exports[`Login Should match snapshot 1`] = `"<div class=\\"styled__StLoginDiv-ohf2t6-0 cCvQFI\\"><div class=\\"styled__StFormDiv-sc-1xa63f-0 hNLlQX\\"><p>Sign In</p><div width=\\"80%\\" height=\\"100px\\" class=\\"styled__StInputContainer-w3ykst-3 emTECj\\"><label for=\\"email\\" class=\\"styled__StLabel-w3ykst-0 fbdCHZ\\">Email</label><input type=\\"text\\" id=\\"email\\" name=\\"email\\" value=\\"\\" placeholder=\\"Enter your email...\\" class=\\"styled__StInput-w3ykst-1 eAZEdV\\"/></div><div width=\\"80%\\" height=\\"100px\\" class=\\"styled__StInputContainer-w3ykst-3 emTECj\\"><label for=\\"password\\" class=\\"styled__StLabel-w3ykst-0 fbdCHZ\\">Password</label><input type=\\"text\\" id=\\"password\\" name=\\"password\\" value=\\"\\" placeholder=\\"Enter your password...\\" class=\\"styled__StInput-w3ykst-1 eAZEdV\\"/></div><button id=\\"login\\" type=\\"button\\" height=\\"50px\\" class=\\"styled__StButton-sc-1a6hck8-0 euTlOK\\">Login</button><span>Need an account?<a href=\\"/registration\\">Register now</a></span></div></div>"`;
