// Jest Snapshot v1, https://goo.gl/fbAQLP

exports[`ModalCreateRoom should snapshot 1`] = `"<div class=\\"styled__StModalLogout-sc-y5169l-0 dcuLTI\\"><p>if_logout</p><div class=\\"styled__StModalButtonBox-sc-1lbp0ln-0 kgpYEL\\"><button id=\\"okButton\\" name=\\"okButton\\" type=\\"button\\" value=\\"OK\\" title=\\"OK\\" class=\\"styled__StButton-sc-1y35zax-0 fFCnPo\\">OK</button><button id=\\"CancelButton\\" name=\\"CancelButton\\" type=\\"button\\" value=\\"Cancel\\" title=\\"Cancel\\" class=\\"styled__StButton-sc-1y35zax-0 efYwVL\\">cancel</button></div></div>"`;
