// Jest Snapshot v1, https://goo.gl/fbAQLP

exports[`ChatListItems Should match snapshot 1`] = `[Function]`;
