// Jest Snapshot v1, https://goo.gl/fbAQLP

exports[`ChatControlPanel Should match snapshot 1`] = `[Function]`;
