// Jest Snapshot v1, https://goo.gl/fbAQLP

exports[`ChatTitle Should match snapshot 1`] = `[Function]`;
