// Jest Snapshot v1, https://goo.gl/fbAQLP

exports[`StatisticPage Should match snapshot 1`] = `"<div class=\\"styled__StStatisticPage-sc-f8n9su-0 xKhCj\\"><div class=\\"styled__StHeader-sc-1d7yllk-0 ibTsld\\"><div class=\\"styled__StLogo-sc-1lhyjdk-0 eFYqgc\\"><img src=\\"public/assets/images/game-development.png\\"/><div><button type=\\"button\\" font-size=\\"20px\\" class=\\"styled__StButton-sc-1y35zax-0 klRECi\\">game_zone</button><button type=\\"button\\" font-size=\\"20px\\" class=\\"styled__StButton-sc-1y35zax-0 WqRKw\\">statistics</button></div></div><div class=\\"styled__StControl-sc-1l7fu2q-0 bcijKV\\"> <button id=\\"theme_btn\\" type=\\"button\\" value=\\"dark\\" color=\\"white\\" font-size=\\"26px\\" width=\\"40px\\" class=\\"styled__StButton-sc-1y35zax-0 dxIorm\\">ðŸ’¡</button><button id=\\"en\\" type=\\"button\\" value=\\"en\\" color=\\"white\\" font-size=\\"26px\\" width=\\"40px\\" class=\\"styled__StButton-sc-1y35zax-0 hfKumd\\">english_translate_btn</button><button id=\\"ru\\" type=\\"button\\" value=\\"ru\\" color=\\"white\\" font-size=\\"26px\\" width=\\"40px\\" class=\\"styled__StButton-sc-1y35zax-0 edZCPS\\">russian_translate_btn</button><img src=\\"public/assets/images/log-out.png\\"/></div></div><div class=\\"styled__StStatisticContent-sc-f8n9su-1 dTNDIj\\">nothing to see</div><div class=\\"styled__StFooter-sc-1xbiugi-0 bClKzk\\">create_forÂ <a href=\\"https://deveducation.com/\\" target=\\"_blank\\" rel=\\"noreferrer\\">dev{Education}</a></div></div>"`;
