// Jest Snapshot v1, https://goo.gl/fbAQLP

exports[`Registration Should match snapshot 1`] = `"<div class=\\"styled__StRegDiv-sc-wqf9bf-0 hrjOKK\\"><img src=\\"../../../public/assets/images/game-development.png\\"/><div class=\\"styled__StFormDiv-sc-p60jdb-0 fMNLMW\\"><p>Sign Up</p><div width=\\"80%\\" height=\\"100px\\" class=\\"styled__StInputContainer-sc-e64755-3 bIHjkn\\"><label for=\\"login\\" class=\\"styled__StLabel-sc-e64755-0 kqGJQd\\">Login</label><input type=\\"text\\" id=\\"login\\" name=\\"login\\" placeholder=\\"Enter your login...\\" class=\\"styled__StInput-sc-e64755-1 kmoiCN\\"/></div><div width=\\"80%\\" height=\\"100px\\" class=\\"styled__StInputContainer-sc-e64755-3 bIHjkn\\"><label for=\\"password\\" class=\\"styled__StLabel-sc-e64755-0 kqGJQd\\">Password</label><input type=\\"text\\" id=\\"password\\" name=\\"password\\" value=\\"\\" placeholder=\\"Enter your password...\\" class=\\"styled__StInput-sc-e64755-1 kmoiCN\\"/></div><div width=\\"80%\\" height=\\"100px\\" class=\\"styled__StInputContainer-sc-e64755-3 bIHjkn\\"><label for=\\"confirm\\" class=\\"styled__StLabel-sc-e64755-0 kqGJQd\\">Confirm</label><input type=\\"text\\" id=\\"confirm\\" name=\\"confirm\\" placeholder=\\"Confirm your password...\\" class=\\"styled__StInput-sc-e64755-1 kmoiCN\\"/></div><button id=\\"registration\\" type=\\"button\\" height=\\"50px\\" class=\\"styled__StButton-sc-1y35zax-0 fRKlXt\\">Register</button><span>Alredy Registred?<a aria-current=\\"page\\" class=\\"active\\" href=\\"/\\">Sign In</a></span></div></div>"`;
