// Jest Snapshot v1, https://goo.gl/fbAQLP

exports[`Registration Should match snapshot 1`] = `"<div class=\\"styled__StRegDiv-dgfw9l-0 egNhFV\\"><div class=\\"styled__StFormDiv-sc-1xa63f-0 hNLlQX\\"><p>Sign Up</p><div width=\\"80%\\" height=\\"100px\\" class=\\"styled__StInputContainer-w3ykst-3 emTECj\\"><label for=\\"email\\" class=\\"styled__StLabel-w3ykst-0 fbdCHZ\\">Email</label><input type=\\"text\\" id=\\"email\\" name=\\"email\\" value=\\"\\" placeholder=\\"Enter your email...\\" class=\\"styled__StInput-w3ykst-1 eAZEdV\\"/></div><div width=\\"80%\\" height=\\"100px\\" class=\\"styled__StInputContainer-w3ykst-3 emTECj\\"><label for=\\"password\\" class=\\"styled__StLabel-w3ykst-0 fbdCHZ\\">Password</label><input type=\\"text\\" id=\\"password\\" name=\\"password\\" value=\\"\\" placeholder=\\"Enter your password...\\" class=\\"styled__StInput-w3ykst-1 eAZEdV\\"/></div><div width=\\"80%\\" height=\\"100px\\" class=\\"styled__StInputContainer-w3ykst-3 emTECj\\"><label for=\\"confirm\\" class=\\"styled__StLabel-w3ykst-0 fbdCHZ\\">Confirm</label><input type=\\"text\\" id=\\"confirm\\" name=\\"confirm\\" placeholder=\\"Confirm your password...\\" class=\\"styled__StInput-w3ykst-1 eAZEdV\\"/></div><div width=\\"80%\\" height=\\"100px\\" class=\\"styled__StInputContainer-w3ykst-3 emTECj\\"><label for=\\"firstName\\" class=\\"styled__StLabel-w3ykst-0 fbdCHZ\\">First Name</label><input type=\\"text\\" id=\\"firstName\\" name=\\"firstName\\" value=\\"\\" placeholder=\\"Enter your First Name...\\" class=\\"styled__StInput-w3ykst-1 eAZEdV\\"/></div><div width=\\"80%\\" height=\\"100px\\" class=\\"styled__StInputContainer-w3ykst-3 emTECj\\"><label for=\\"lastName\\" class=\\"styled__StLabel-w3ykst-0 fbdCHZ\\">Last Name</label><input type=\\"text\\" id=\\"lastName\\" name=\\"lastName\\" value=\\"\\" placeholder=\\"Enter your Last Name...\\" class=\\"styled__StInput-w3ykst-1 eAZEdV\\"/></div><button id=\\"registration\\" type=\\"button\\" height=\\"50px\\" class=\\"styled__StButton-sc-1a6hck8-0 euTlOK\\">Register</button><span>Alredy Registred?<a aria-current=\\"page\\" class=\\"active\\" href=\\"/\\">Sign In</a></span></div></div>"`;
