// Jest Snapshot v1, https://goo.gl/fbAQLP

exports[`GameContent Should match snapshot 1`] = `"<div class=\\"styled__StGameContent-sc-rfvg7b-0 iDkgGF\\">Checkers<div class=\\"styled__StGameZone-sc-1037dno-0 ftvCaM\\"><p>your_turn</p><div class=\\"styled__StTicTacToePlate-sc-ahqcne-0 bNLTCa\\"><div id=\\"0\\" class=\\"styled__StSingleSellTicTac-sc-1ruk552-0 QdPRA\\"></div><div id=\\"1\\" class=\\"styled__StSingleSellTicTac-sc-1ruk552-0 QdPRA\\"></div><div id=\\"2\\" class=\\"styled__StSingleSellTicTac-sc-1ruk552-0 QdPRA\\"></div><div id=\\"3\\" class=\\"styled__StSingleSellTicTac-sc-1ruk552-0 QdPRA\\"></div><div id=\\"4\\" class=\\"styled__StSingleSellTicTac-sc-1ruk552-0 QdPRA\\"></div><div id=\\"5\\" class=\\"styled__StSingleSellTicTac-sc-1ruk552-0 QdPRA\\"></div><div id=\\"6\\" class=\\"styled__StSingleSellTicTac-sc-1ruk552-0 QdPRA\\"></div><div id=\\"7\\" class=\\"styled__StSingleSellTicTac-sc-1ruk552-0 QdPRA\\"></div><div id=\\"8\\" class=\\"styled__StSingleSellTicTac-sc-1ruk552-0 QdPRA\\"></div></div></div></div>"`;
