// Jest Snapshot v1, https://goo.gl/fbAQLP

exports[`Turn Should match snapshot 1`] = `"<p>your_turn</p>"`;
