// Jest Snapshot v1, https://goo.gl/fbAQLP

exports[`HeaderControlPanel Should match snapshot 1`] = `"<div class=\\"styled__StControl-sc-1i99xqk-0 iDtmsZ\\"><p></p> <button id=\\"notif_btn\\" type=\\"button\\" value=\\"1\\" color=\\"white\\" font-size=\\"26px\\" height=\\"10vh\\" width=\\"60px\\" class=\\"styled__StButton-sc-1a6hck8-0 jFhuDa\\"></button><button id=\\"theme_btn\\" type=\\"button\\" value=\\"light\\" color=\\"white\\" font-size=\\"26px\\" height=\\"10vh\\" width=\\"60px\\" class=\\"styled__StButton-sc-1a6hck8-0 jFhuDa\\"></button><button id=\\"theme_btn\\" type=\\"button\\" value=\\"dark\\" color=\\"white\\" font-size=\\"26px\\" height=\\"10vh\\" width=\\"60px\\" class=\\"styled__StButton-sc-1a6hck8-0 jFhuDa\\"></button><button id=\\"en\\" type=\\"button\\" value=\\"en\\" color=\\"white\\" font-size=\\"26px\\" height=\\"10vh\\" width=\\"60px\\" class=\\"styled__StButton-sc-1a6hck8-0 jFhuDa\\"></button><button id=\\"ru\\" type=\\"button\\" value=\\"ru\\" color=\\"white\\" font-size=\\"26px\\" height=\\"10vh\\" width=\\"60px\\" class=\\"styled__StButton-sc-1a6hck8-0 jFhuDa\\"></button><button id=\\"ar\\" type=\\"button\\" value=\\"ar\\" color=\\"white\\" font-size=\\"26px\\" height=\\"10vh\\" width=\\"60px\\" class=\\"styled__StButton-sc-1a6hck8-0 jFhuDa\\"></button></div>"`;
