// Jest Snapshot v1, https://goo.gl/fbAQLP

exports[`Header Should match snapshot 1`] = `"<div class=\\"styled__StHeader-sc-1d7yllk-0 ibTsld\\"><div class=\\"styled__StLogo-sc-1lhyjdk-0 eFYqgc\\"><img src=\\"public/assets/images/game-development.png\\"/><div><button type=\\"button\\" font-size=\\"20px\\" class=\\"styled__StButton-sc-1y35zax-0 kFMylk\\">game_zone</button><button type=\\"button\\" font-size=\\"20px\\" class=\\"styled__StButton-sc-1y35zax-0 qmQvK\\">statistics</button></div></div><div class=\\"styled__StControl-sc-1l7fu2q-0 bcijKV\\"> <button id=\\"theme_btn\\" type=\\"button\\" value=\\"dark\\" color=\\"white\\" font-size=\\"26px\\" width=\\"40px\\" class=\\"styled__StButton-sc-1y35zax-0 jZPxgN\\">ðŸ’¡</button><button id=\\"en\\" type=\\"button\\" value=\\"en\\" color=\\"white\\" font-size=\\"26px\\" width=\\"40px\\" class=\\"styled__StButton-sc-1y35zax-0 dDxuZt\\">english_translate_btn</button><button id=\\"ru\\" type=\\"button\\" value=\\"ru\\" color=\\"white\\" font-size=\\"26px\\" width=\\"40px\\" class=\\"styled__StButton-sc-1y35zax-0 gQNzZW\\">russian_translate_btn</button><img src=\\"public/assets/images/log-out.png\\"/></div></div>"`;
