// Jest Snapshot v1, https://goo.gl/fbAQLP

exports[`Header Should match snapshot 1`] = `"<div class=\\"styled__StHeader-zzrvsn-0 hDaupM\\"><div class=\\"styled__StLogo-sc-9vy3sh-0 dOfUuH\\"><img src=\\"./public/assets/images/logo.png\\"/><h1>logo</h1></div><div class=\\"styled__StControl-sc-1i99xqk-0 joBAxQ\\"><button id=\\"theme_btn\\" type=\\"button\\" value=\\"dark\\" color=\\"white\\" font-size=\\"26px\\" height=\\"10vh\\" width=\\"60px\\" class=\\"styled__StButton-sc-1a6hck8-0 jFhuDa\\">ðŸŒ—</button><button id=\\"en\\" type=\\"button\\" value=\\"en\\" color=\\"white\\" font-size=\\"26px\\" height=\\"10vh\\" width=\\"60px\\" class=\\"styled__StButton-sc-1a6hck8-0 jFhuDa\\">english_translate_btn</button><button id=\\"ru\\" type=\\"button\\" value=\\"ru\\" color=\\"white\\" font-size=\\"26px\\" height=\\"10vh\\" width=\\"60px\\" class=\\"styled__StButton-sc-1a6hck8-0 jFhuDa\\">russian_translate_btn</button><button id=\\"ar\\" type=\\"button\\" value=\\"ar\\" color=\\"white\\" font-size=\\"26px\\" height=\\"10vh\\" width=\\"60px\\" class=\\"styled__StButton-sc-1a6hck8-0 jFhuDa\\">arabian_translate_btn</button></div></div>"`;
